
> sociva@2.0.0 build
> vite build

node.exe : 9:20:13 pm [vite] warning: `esbuild` option was specified by "vite:react-swc" plugin. This option is 
deprecated, please use `oxc` instead.
At C:\Program Files\nodejs\npm.ps1:29 char:3
+   & $NODE_EXE $NPM_CLI_JS $args
+   ~~~~~~~~~~~~~~~~~~~~~~~~~~~~~
    + CategoryInfo          : NotSpecified: (9:20:13 pm [vit... `oxc` instead.:String) [], RemoteException
    + FullyQualifiedErrorId : NativeCommandError
 
vite v8.0.0 building client environment for production...
[2K
Browserslist: browsers data (caniuse-lite) is 7 months old. Please run:
  npx update-browserslist-db@latest
  Why you should do it regularly: https://github.com/browserslist/update-db#readme
✗ Build failed in 4.87s
transforming...
PWA v1.2.0
mode      generateSW
precache  416 entries (9528.33 KiB)
files generated
  dist/sw.js
  dist/workbox-00136058.js
error during build:
Build failed with 1 error:

[plugin vite-plugin-pwa:build]
Error: Build failed with 1 error:

[31m[UNRESOLVED_IMPORT] Error:[0m Could not resolve './types/Database' in src/pages/SellerDetailPage.tsx
    [38;5;246m╭[0m[38;5;246m─[0m[38;5;246m[[0m src/pages/SellerDetailPage.tsx:21:30 [38;5;246m][0m
    [38;5;246m│[0m
 [38;5;246m21 │[0m 
[38;5;249mi[0m[38;5;249mm[0m[38;5;249mp[0m[38;5;249mo[0m[38;5;249mr[0m[38;5;249mt[0m[38;5;249m 
[0m[38;5;249m{[0m[38;5;249m [0m[38;5;249mD[0m[38;5;249mA[0m[38;5;249mY[0m[38;5;249mS[0m[38;5;249m_[0m[3
8;5;249mO[0m[38;5;249mF[0m[38;5;249m_[0m[38;5;249mW[0m[38;5;249mE[0m[38;5;249mE[0m[38;5;249mK[0m[38;5;249
m [0m[38;5;249m}[0m[38;5;249m [0m[38;5;249mf[0m[38;5;249mr[0m[38;5;249mo[0m[38;5;249mm[0m[38;5;249m 
[0m"./types/Database"[38;5;249m;[0m
 [38;5;240m   │[0m                              ─────────┬────────  
 [38;5;240m   │[0m                                       ╰────────── Module not found.
 [38;5;240m   │[0m 
 [38;5;240m   │[0m [38;5;115mHelp[0m: 'src/pages/SellerDetailPage.tsx' is imported by the following path:
 [38;5;240m   │[0m         - src/pages/SellerDetailPage.tsx
 [38;5;240m   │[0m         - src/App.tsx
 [38;5;240m   │[0m         - src/main.tsx
 [38;5;240m   │[0m         - index.html
[38;5;246m────╯[0m
    at aggregateBindingErrorsIntoJsError (file:///C:/Users/thech/OneDrive/Desktop/Sociva-finish/sociva-v1-main/sociva-v
1-main/node_modules/rolldown/dist/shared/error-CP8smW_P.mjs:48:18)
    at plugin (file:///C:/Users/thech/OneDrive/Desktop/Sociva-finish/sociva-v1-main/sociva-v1-main/node_modules/rolldow
n/dist/shared/bindingify-input-options-Cu7pt6SZ.mjs:1001:61)
    at plugin.<computed> (file:///C:/Users/thech/OneDrive/Desktop/Sociva-finish/sociva-v1-main/sociva-v1-main/node_modu
les/rolldown/dist/shared/bindingify-input-options-Cu7pt6SZ.mjs:1570:18)
    at aggregateBindingErrorsIntoJsError (file:///C:/Users/thech/OneDrive/Desktop/Sociva-finish/sociva-v1-main/sociva-v
1-main/node_modules/rolldown/dist/shared/error-CP8smW_P.mjs:48:18)
    at unwrapBindingResult (file:///C:/Users/thech/OneDrive/Desktop/Sociva-finish/sociva-v1-main/sociva-v1-main/node_mo
dules/rolldown/dist/shared/error-CP8smW_P.mjs:18:128)
    at #build (file:///C:/Users/thech/OneDrive/Desktop/Sociva-finish/sociva-v1-main/sociva-v1-main/node_modules/rolldow
n/dist/shared/rolldown-build-4YnQkA76.mjs:3311:34)
    at async buildEnvironment (file:///C:/Users/thech/OneDrive/Desktop/Sociva-finish/sociva-v1-main/sociva-v1-main/node
_modules/vite/dist/node/chunks/node.js:32794:64)
    at async Object.build (file:///C:/Users/thech/OneDrive/Desktop/Sociva-finish/sociva-v1-main/sociva-v1-main/node_mod
ules/vite/dist/node/chunks/node.js:33216:19)
    at async Object.buildApp (file:///C:/Users/thech/OneDrive/Desktop/Sociva-finish/sociva-v1-main/sociva-v1-main/node_
modules/vite/dist/node/chunks/node.js:33213:153)
    at async CAC.<anonymous> (file:///C:/Users/thech/OneDrive/Desktop/Sociva-finish/sociva-v1-main/sociva-v1-main/node_
modules/vite/dist/node/cli.js:778:3) {
  errors: [Getter/Setter]
}
